PHASE5_EVIDENCE_RAW_V2
[phase5-evidence] chain=security
[phase5-evidence] release_id=prod-candidate-2026-09-01-local-rc29
[phase5-evidence] source_commit_sha=41f07febae8b30d4813ff5b6c2f1d7fe623b6fbe
[phase5-evidence] evidence_run_id=a1561135-e01d-4589-8098-46ccc5d83972
[phase5-evidence] command=pwsh -NoProfile -ExecutionPolicy Bypass -File scripts/write-phase5-security-evidence.ps1 -ReleaseId prod-candidate-2026-09-01-local-rc29 -SourceSha 41f07febae8b30d4813ff5b6c2f1d7fe623b6fbe -EvidenceRunId a1561135-e01d-4589-8098-46ccc5d83972
PHASE5_SECURITY_EVIDENCE_V2
[phase5-security] source_boundary=committed_git_archive_only
=== npm audit --audit-level=moderate (candidate apps/frontend) ===
found 0 vulnerabilities
NPM_AUDIT_EXIT=0
[phase5-security] npm_audit_verified=true
=== canonical gitleaks (candidate archive) ===
[phase5-security] gitleaks_config=.gitleaks.toml

    ○
    │╲
    │ ○
    ○ ░
    ░    gitleaks

6:33PM INF scanned ~48468597 bytes (48.47 MB) in 15.7s
6:33PM INF no leaks found
GITLEAKS_EXIT=0
[phase5-security] gitleaks_verified=true
PHASE5_SECURITY_EXIT=0
[phase5-evidence] exit_code=0
