#0 building with "desktop-linux" instance using docker driver

#1 [internal] load build definition from Dockerfile
#1 transferring dockerfile: 544B 0.0s done
#1 DONE 0.0s

#2 [internal] load metadata for docker.io/library/python:3.14.5-alpine3.22@sha256:6b91e66ab2a880ce9ca5a1b91c70f45963ff71ff68268df056336e1a657d5efd
#2 DONE 0.0s

#3 [internal] load .dockerignore
#3 transferring context: 33B
#3 transferring context: 719B done
#3 DONE 0.0s

#4 [1/7] FROM docker.io/library/python:3.14.5-alpine3.22@sha256:6b91e66ab2a880ce9ca5a1b91c70f45963ff71ff68268df056336e1a657d5efd
#4 resolve docker.io/library/python:3.14.5-alpine3.22@sha256:6b91e66ab2a880ce9ca5a1b91c70f45963ff71ff68268df056336e1a657d5efd 0.0s done
#4 DONE 0.0s

#5 [internal] load build context
#5 transferring context: 11.32kB 0.0s done
#5 DONE 0.0s

#6 [4/7] COPY services/memory-worker/requirements.txt .
#6 CACHED

#7 [6/7] COPY services/memory-worker/app ./app
#7 CACHED

#8 [5/7] RUN pip install --no-cache-dir -r requirements.txt
#8 CACHED

#9 [2/7] WORKDIR /app
#9 CACHED

#10 [3/7] RUN apk upgrade --no-cache
#10 CACHED

#11 [7/7] RUN adduser -D -u 10001 appuser && chown -R appuser:appuser /app
#11 CACHED

#12 exporting to image
#12 exporting layers done
#12 exporting manifest sha256:c182e79acd7d0fbebfadbd1cd0f4db586ddccf7ae617bd9bb73c9217c1e232ce 0.0s done
#12 exporting config sha256:a46baca69fad3668b3f36667689b779e4f89e157272706ad84e965fd632fab32 0.0s done
#12 exporting attestation manifest sha256:4a70af81388b66692ad5d206c7b6afceb45132358dafff2ffd524c0cff5b5ca7
#12 exporting attestation manifest sha256:4a70af81388b66692ad5d206c7b6afceb45132358dafff2ffd524c0cff5b5ca7 0.0s done
#12 exporting manifest list sha256:38a097215b5298c9cc98bf7286b0248131b92f9892d813122f1dd7ffee3a2319 0.0s done
#12 naming to docker.io/cloud-superbrain-production-candidate/memory-worker:efd6826228c8e0b664a44d9a24ab38677e3b86f8 done
#12 unpacking to docker.io/cloud-superbrain-production-candidate/memory-worker:efd6826228c8e0b664a44d9a24ab38677e3b86f8 0.0s done
#12 DONE 0.2s
