#0 building with "desktop-linux" instance using docker driver

#1 [internal] load build definition from Dockerfile
#1 transferring dockerfile: 1.69kB 0.0s done
#1 DONE 0.1s

#2 [internal] load metadata for docker.io/library/node:24.16.0-alpine@sha256:21f403ab171f2dc89bad4dd69d7721bfd15f084ccb46cdd225f31f2bc59b5c9a
#2 ...

#3 [auth] library/node:pull token for registry-1.docker.io
#3 DONE 0.0s

#2 [internal] load metadata for docker.io/library/node:24.16.0-alpine@sha256:21f403ab171f2dc89bad4dd69d7721bfd15f084ccb46cdd225f31f2bc59b5c9a
#2 DONE 1.4s

#4 [internal] load .dockerignore
#4 transferring context: 96B 0.0s done
#4 DONE 0.0s

#5 [internal] load build context
#5 DONE 0.0s

#6 [deps 1/4] FROM docker.io/library/node:24.16.0-alpine@sha256:21f403ab171f2dc89bad4dd69d7721bfd15f084ccb46cdd225f31f2bc59b5c9a
#6 resolve docker.io/library/node:24.16.0-alpine@sha256:21f403ab171f2dc89bad4dd69d7721bfd15f084ccb46cdd225f31f2bc59b5c9a 0.0s done
#6 DONE 0.0s

#5 [internal] load build context
#5 transferring context: 2.01MB 1.5s done
#5 DONE 1.5s

#7 [builder 6/6] RUN npm prune --omit=dev
#7 CACHED

#8 [builder 3/6] COPY --from=deps /app/node_modules ./node_modules
#8 CACHED

#9 [deps 3/4] COPY package.json package-lock.json ./
#9 CACHED

#10 [builder 4/6] COPY . .
#10 CACHED

#11 [runner 5/9] COPY --from=builder /app/.next ./.next
#11 CACHED

#12 [runner 8/9] COPY --from=builder /app/next.config.mjs ./next.config.mjs
#12 CACHED

#13 [runner 4/9] COPY --from=builder /app/node_modules ./node_modules
#13 CACHED

#14 [runner 6/9] COPY --from=builder /app/public ./public
#14 CACHED

#15 [runner 3/9] COPY --from=builder /app/package.json ./package.json
#15 CACHED

#16 [runner 7/9] COPY --from=builder /app/app ./app
#16 CACHED

#17 [deps 4/4] RUN npm ci
#17 CACHED

#18 [builder 5/6] RUN npm run build
#18 CACHED

#19 [deps 2/4] WORKDIR /app
#19 CACHED

#20 [runner 9/9] RUN apk upgrade --no-cache     && rm -rf /usr/local/lib/node_modules/npm /usr/local/bin/npm /usr/local/bin/npx     && addgroup -S appgroup     && adduser -S appuser -u 10001 -G appgroup     && chown -R appuser:appgroup /app
#20 CACHED

#21 exporting to image
#21 exporting layers 0.0s done
#21 exporting manifest sha256:db9f778855c623ce6658ea8d1806877b998985b14972703881398a514a51153d 0.1s done
#21 exporting config sha256:ba392a4b0b32c52bfe51906a6b49d48b3a0f14cc694c99625f54f3e155c011f2
#21 exporting config sha256:ba392a4b0b32c52bfe51906a6b49d48b3a0f14cc694c99625f54f3e155c011f2 0.0s done
#21 exporting attestation manifest sha256:cbaa4a962449439383b4c8cd0141268a73af9174a222ffddb183d2a41d922544 0.0s done
#21 exporting manifest list sha256:ebb49af905c46a9cefaafb51c30f89142aed69999bbb23e364534390033b7cc1 0.0s done
#21 naming to docker.io/cloud-superbrain-production-candidate/frontend:e949cc1a50f21a3c565c2c2f2380a663f2cc4be7
#21 naming to docker.io/cloud-superbrain-production-candidate/frontend:e949cc1a50f21a3c565c2c2f2380a663f2cc4be7 done
#21 unpacking to docker.io/cloud-superbrain-production-candidate/frontend:e949cc1a50f21a3c565c2c2f2380a663f2cc4be7 0.0s done
#21 DONE 0.3s

View build details: docker-desktop://dashboard/build/desktop-linux/desktop-linux/0dsqkx2k1dx7wgkikm2tu218z
