#0 building with "desktop-linux" instance using docker driver

#1 [internal] load build definition from Dockerfile
#1 transferring dockerfile: 544B 0.0s done
#1 DONE 0.0s

#2 [internal] load metadata for docker.io/library/python:3.14.5-alpine3.22@sha256:6b91e66ab2a880ce9ca5a1b91c70f45963ff71ff68268df056336e1a657d5efd
#2 DONE 0.0s

#3 [internal] load .dockerignore
#3 transferring context: 719B done
#3 DONE 0.0s

#4 [1/7] FROM docker.io/library/python:3.14.5-alpine3.22@sha256:6b91e66ab2a880ce9ca5a1b91c70f45963ff71ff68268df056336e1a657d5efd
#4 resolve docker.io/library/python:3.14.5-alpine3.22@sha256:6b91e66ab2a880ce9ca5a1b91c70f45963ff71ff68268df056336e1a657d5efd 0.0s done
#4 DONE 0.0s

#5 [internal] load build context
#5 transferring context: 11.32kB 0.0s done
#5 DONE 0.0s

#6 [6/7] COPY services/memory-worker/app ./app
#6 CACHED

#7 [2/7] WORKDIR /app
#7 CACHED

#8 [3/7] RUN apk upgrade --no-cache
#8 CACHED

#9 [4/7] COPY services/memory-worker/requirements.txt .
#9 CACHED

#10 [5/7] RUN pip install --no-cache-dir -r requirements.txt
#10 CACHED

#11 [7/7] RUN adduser -D -u 10001 appuser && chown -R appuser:appuser /app
#11 CACHED

#12 exporting to image
#12 exporting layers 0.0s done
#12 exporting manifest sha256:8234a8d560e0ab2c39094fe99058498f84edfaced43423448b6b4bc80f7fbaa0 0.1s done
#12 exporting config sha256:8e403bf607c6fa5bfed0d8d0fc49100a1202b1e822c9113ffcaf62f011ad9d2a
#12 exporting config sha256:8e403bf607c6fa5bfed0d8d0fc49100a1202b1e822c9113ffcaf62f011ad9d2a 0.0s done
#12 exporting attestation manifest sha256:8c6032329f8383f51bb4f3000184150452d9c064ca396a47098254109c1f2a71 0.0s done
#12 exporting manifest list sha256:a9c10bd6e33122244dedf2d818d83e49006c87ca0d150549cea07bb055335f6a 0.0s done
#12 naming to docker.io/cloud-superbrain-production-candidate/memory-worker:19f633f86b33b0aae8e34785bea59b910a3f7157
#12 naming to docker.io/cloud-superbrain-production-candidate/memory-worker:19f633f86b33b0aae8e34785bea59b910a3f7157 done
#12 unpacking to docker.io/cloud-superbrain-production-candidate/memory-worker:19f633f86b33b0aae8e34785bea59b910a3f7157 0.0s done
#12 DONE 0.3s

View build details: docker-desktop://dashboard/build/desktop-linux/desktop-linux/o0xy9ficnvoginihsbztfsm7n
