#0 building with "desktop-linux" instance using docker driver

#1 [internal] load build definition from Dockerfile
#1 transferring dockerfile: 30B 0.1s
#1 transferring dockerfile: 544B 0.2s done
#1 DONE 0.3s

#2 [internal] load metadata for docker.io/library/python:3.14.5-alpine3.22@sha256:6b91e66ab2a880ce9ca5a1b91c70f45963ff71ff68268df056336e1a657d5efd
#2 DONE 0.1s

#3 [internal] load .dockerignore
#3 transferring context: 719B 0.0s done
#3 DONE 0.1s

#4 [internal] load build context
#4 DONE 0.0s

#5 [1/7] FROM docker.io/library/python:3.14.5-alpine3.22@sha256:6b91e66ab2a880ce9ca5a1b91c70f45963ff71ff68268df056336e1a657d5efd
#5 resolve docker.io/library/python:3.14.5-alpine3.22@sha256:6b91e66ab2a880ce9ca5a1b91c70f45963ff71ff68268df056336e1a657d5efd 0.1s done
#5 DONE 0.1s

#4 [internal] load build context
#4 transferring context: 11.32kB 0.1s done
#4 DONE 0.2s

#6 [5/7] RUN pip install --no-cache-dir -r requirements.txt
#6 CACHED

#7 [6/7] COPY services/memory-worker/app ./app
#7 CACHED

#8 [2/7] WORKDIR /app
#8 CACHED

#9 [3/7] RUN apk upgrade --no-cache
#9 CACHED

#10 [4/7] COPY services/memory-worker/requirements.txt .
#10 CACHED

#11 [7/7] RUN adduser -D -u 10001 appuser && chown -R appuser:appuser /app
#11 CACHED

#12 exporting to image
#12 exporting layers 0.0s done
#12 exporting manifest sha256:71b48e5dadcb2ab784c3eebfc596f27000a2d94e29ce78ca0ed4c683a6a2f325 0.2s done
#12 exporting config sha256:1267e5ce02931cc2043d1c1bf990e35ec01488d273ea5e720b023be3419fa2e5
#12 exporting config sha256:1267e5ce02931cc2043d1c1bf990e35ec01488d273ea5e720b023be3419fa2e5 0.0s done
#12 exporting attestation manifest sha256:617fb3921acdfd861d24209a267ef02f78877b68b06aad2162be21a56309b5e8 0.0s done
#12 exporting manifest list sha256:ab0553e9c29336d5468b43ce6b2631a3b2310eb6ad4ea1ef00254907fec942a8 0.0s done
#12 naming to docker.io/cloud-superbrain-production-candidate/memory-worker:005ddb46f572520ac182c4f08cc177f07dfe1ae8
#12 naming to docker.io/cloud-superbrain-production-candidate/memory-worker:005ddb46f572520ac182c4f08cc177f07dfe1ae8 done
#12 unpacking to docker.io/cloud-superbrain-production-candidate/memory-worker:005ddb46f572520ac182c4f08cc177f07dfe1ae8 0.0s done
#12 DONE 0.5s

View build details: docker-desktop://dashboard/build/desktop-linux/desktop-linux/zje1geap2b67d2l0ajhe6kbyl
