PHASE5_EVIDENCE_RAW_V2
[phase5-evidence] chain=candidate-runtime
[phase5-evidence] release_id=prod-candidate-2026-09-07-local-rc48
[phase5-evidence] source_commit_sha=e949cc1a50f21a3c565c2c2f2380a663f2cc4be7
[phase5-evidence] evidence_run_id=d568d71f-bb55-4b70-8654-ab81cd897cba
[phase5-evidence] command=pwsh -NoProfile -ExecutionPolicy Bypass -File scripts/verify-phase5-production-candidate-local.ps1 -BaseUrl http://localhost:8081 -ArtifactDir docs\release-artifacts\prod-candidate-2026-09-07-local-rc48-evidence -AllowLocalhost -EvidenceRunId d568d71f-bb55-4b70-8654-ab81cd897cba

> cloud-superbrain-frontend@1.0.0 test:e2e
> playwright test --project=chromium e2e/phase5-production-candidate.spec.ts

(node:2488) [DEP0205] DeprecationWarning: `module.register()` is deprecated. Use `module.registerHooks()` instead.
(Use `node --trace-deprecation ...` to show where the warning was created)

Running 1 test using 1 worker

(node:26876) Warning: The 'NO_COLOR' env is ignored due to the 'FORCE_COLOR' env being set.
(Use `node --trace-warnings ...` to show where the warning was created)
(node:26876) [DEP0205] DeprecationWarning: `module.register()` is deprecated. Use `module.registerHooks()` instead.
(node:26876) Warning: The 'NO_COLOR' env is ignored due to the 'FORCE_COLOR' env being set.
(Use `node --trace-warnings ...` to show where the warning was created)
  ok 1 [chromium] › e2e\phase5-production-candidate.spec.ts:8:1 › diagnostics loads the Phase 5 production candidate through a real selection and click (2.5s)

  1 passed (6.5s)
[phase5-candidate-local] api_contract_verified=true
[phase5-candidate-local] local_image_identity_verified=true
[phase5-candidate-local] embedded_source_hash_parity_verified=true
[phase5-candidate-local] candidate_runtime_source_parity_verified=true
[phase5-candidate-local] browser_click_verified=true
[phase5-candidate-local] playwright_passed=1
[phase5-candidate-local] status=verified service_count=6
[phase5-evidence] exit_code=0
