PHASE5_EVIDENCE_RAW_V2
[phase5-evidence] chain=security
[phase5-evidence] release_id=prod-candidate-2026-08-31-local-rc26
[phase5-evidence] source_commit_sha=727b15398c278bd1c00fa251605e6a8d37b1abb3
[phase5-evidence] evidence_run_id=6be3f23f-bf4a-447a-a96d-8cb74f4703e3
[phase5-evidence] command=pwsh -NoProfile -ExecutionPolicy Bypass -File scripts/write-phase5-security-evidence.ps1 -ReleaseId prod-candidate-2026-08-31-local-rc26 -SourceSha 727b15398c278bd1c00fa251605e6a8d37b1abb3 -EvidenceRunId 6be3f23f-bf4a-447a-a96d-8cb74f4703e3
PHASE5_SECURITY_EVIDENCE_V2
[phase5-security] source_boundary=committed_git_archive_only
=== npm audit --audit-level=moderate (candidate apps/frontend) ===
found 0 vulnerabilities
NPM_AUDIT_EXIT=0
[phase5-security] npm_audit_verified=true
=== canonical gitleaks (candidate archive) ===
[phase5-security] gitleaks_config=.gitleaks.toml

    ○
    │╲
    │ ○
    ○ ░
    ░    gitleaks

1:06AM INF scanned ~45092513 bytes (45.09 MB) in 7.99s
1:06AM INF no leaks found
GITLEAKS_EXIT=0
[phase5-security] gitleaks_verified=true
PHASE5_SECURITY_EXIT=0
[phase5-evidence] exit_code=0
