PHASE5_EVIDENCE_RAW_V2
[phase5-evidence] chain=security
[phase5-evidence] release_id=prod-candidate-2026-09-04-local-rc38
[phase5-evidence] source_commit_sha=5668e7cb89eac03a929853f004204b56bd171cb9
[phase5-evidence] evidence_run_id=f7b64e11-4b39-43b5-8a30-6f1e9dd7b4b4
[phase5-evidence] command=pwsh -NoProfile -ExecutionPolicy Bypass -File scripts/write-phase5-security-evidence.ps1 -ReleaseId prod-candidate-2026-09-04-local-rc38 -SourceSha 5668e7cb89eac03a929853f004204b56bd171cb9 -EvidenceRunId f7b64e11-4b39-43b5-8a30-6f1e9dd7b4b4
PHASE5_SECURITY_EVIDENCE_V2
[phase5-security] source_boundary=committed_git_archive_only
=== npm audit --audit-level=moderate (candidate apps/frontend) ===
found 0 vulnerabilities
NPM_AUDIT_EXIT=0
[phase5-security] npm_audit_verified=true
=== canonical gitleaks (candidate archive) ===
[phase5-security] gitleaks_config=.gitleaks.toml

    ○
    │╲
    │ ○
    ○ ░
    ░    gitleaks

3:08AM INF scanned ~20204135 bytes (20.20 MB) in 3.31s
3:08AM INF no leaks found
GITLEAKS_EXIT=0
[phase5-security] gitleaks_verified=true
PHASE5_SECURITY_EXIT=0
[phase5-evidence] exit_code=0
