PHASE5_EVIDENCE_RAW_V2
[phase5-evidence] chain=security
[phase5-evidence] release_id=prod-candidate-2026-08-03-local-rc13
[phase5-evidence] source_commit_sha=db631ab3ffe2254309ae80aadc691b0bba6c372d
[phase5-evidence] evidence_run_id=7c9cfb61-9753-4afd-ba5c-172f4afcd537
[phase5-evidence] command=pwsh -NoProfile -ExecutionPolicy Bypass -File scripts/write-phase5-security-evidence.ps1 -ReleaseId prod-candidate-2026-08-03-local-rc13 -SourceSha db631ab3ffe2254309ae80aadc691b0bba6c372d -EvidenceRunId 7c9cfb61-9753-4afd-ba5c-172f4afcd537
PHASE5_SECURITY_EVIDENCE_V2
[phase5-security] source_boundary=committed_git_archive_only
=== npm audit --audit-level=moderate (candidate apps/frontend) ===
found 0 vulnerabilities
NPM_AUDIT_EXIT=0
[phase5-security] npm_audit_verified=true
=== canonical gitleaks (candidate archive) ===
[phase5-security] gitleaks_config=.gitleaks.toml
System.Management.Automation.RemoteException
    ○
    │╲
    │ ○
    ○ ░
    ░    gitleaks
System.Management.Automation.RemoteException
2:54PM INF scanned ~38772592 bytes (38.77 MB) in 4.03s
2:54PM INF no leaks found
GITLEAKS_EXIT=0
[phase5-security] gitleaks_verified=true
PHASE5_SECURITY_EXIT=0
[phase5-evidence] exit_code=0
