PHASE5_EVIDENCE_RAW_V2
[phase5-evidence] chain=security
[phase5-evidence] release_id=prod-candidate-2026-09-02-local-rc33
[phase5-evidence] source_commit_sha=a632372863a39faa0e53d780c1942938a2b3241c
[phase5-evidence] evidence_run_id=7bbc2310-0bb3-42e5-8484-819c37d93431
[phase5-evidence] command=pwsh -NoProfile -ExecutionPolicy Bypass -File scripts/write-phase5-security-evidence.ps1 -ReleaseId prod-candidate-2026-09-02-local-rc33 -SourceSha a632372863a39faa0e53d780c1942938a2b3241c -EvidenceRunId 7bbc2310-0bb3-42e5-8484-819c37d93431
PHASE5_SECURITY_EVIDENCE_V2
[phase5-security] source_boundary=committed_git_archive_only
=== npm audit --audit-level=moderate (candidate apps/frontend) ===
found 0 vulnerabilities
NPM_AUDIT_EXIT=0
[phase5-security] npm_audit_verified=true
=== canonical gitleaks (candidate archive) ===
[phase5-security] gitleaks_config=.gitleaks.toml

    ○
    │╲
    │ ○
    ○ ░
    ░    gitleaks

7:04AM INF scanned ~53584336 bytes (53.58 MB) in 10.2s
7:04AM INF no leaks found
GITLEAKS_EXIT=0
[phase5-security] gitleaks_verified=true
PHASE5_SECURITY_EXIT=0
[phase5-evidence] exit_code=0
