PHASE5_EVIDENCE_RAW_V2
[phase5-evidence] chain=security
[phase5-evidence] release_id=prod-candidate-2026-08-31-local-rc25
[phase5-evidence] source_commit_sha=4947ad03cb5ff197fd536c521051631a10261497
[phase5-evidence] evidence_run_id=c5c16137-8cb9-4a8c-a5e6-f4c1d5b6eb4b
[phase5-evidence] command=pwsh -NoProfile -ExecutionPolicy Bypass -File scripts/write-phase5-security-evidence.ps1 -ReleaseId prod-candidate-2026-08-31-local-rc25 -SourceSha 4947ad03cb5ff197fd536c521051631a10261497 -EvidenceRunId c5c16137-8cb9-4a8c-a5e6-f4c1d5b6eb4b
PHASE5_SECURITY_EVIDENCE_V2
[phase5-security] source_boundary=committed_git_archive_only
=== npm audit --audit-level=moderate (candidate apps/frontend) ===
found 0 vulnerabilities
NPM_AUDIT_EXIT=0
[phase5-security] npm_audit_verified=true
=== canonical gitleaks (candidate archive) ===
[phase5-security] gitleaks_config=.gitleaks.toml

    ○
    │╲
    │ ○
    ○ ░
    ░    gitleaks

6:53PM INF scanned ~43398944 bytes (43.40 MB) in 11.7s
6:53PM INF no leaks found
GITLEAKS_EXIT=0
[phase5-security] gitleaks_verified=true
PHASE5_SECURITY_EXIT=0
[phase5-evidence] exit_code=0
