#0 building with "desktop-linux" instance using docker driver

#1 [internal] load build definition from Dockerfile
#1 transferring dockerfile: 544B 0.0s done
#1 DONE 0.0s

#2 [internal] load metadata for docker.io/library/python:3.14.5-alpine3.22@sha256:6b91e66ab2a880ce9ca5a1b91c70f45963ff71ff68268df056336e1a657d5efd
#2 DONE 0.0s

#3 [internal] load .dockerignore
#3 transferring context: 719B done
#3 DONE 0.0s

#4 [1/7] FROM docker.io/library/python:3.14.5-alpine3.22@sha256:6b91e66ab2a880ce9ca5a1b91c70f45963ff71ff68268df056336e1a657d5efd
#4 resolve docker.io/library/python:3.14.5-alpine3.22@sha256:6b91e66ab2a880ce9ca5a1b91c70f45963ff71ff68268df056336e1a657d5efd 0.0s done
#4 DONE 0.0s

#5 [internal] load build context
#5 transferring context: 11.32kB 0.0s done
#5 DONE 0.0s

#6 [2/7] WORKDIR /app
#6 CACHED

#7 [3/7] RUN apk upgrade --no-cache
#7 CACHED

#8 [4/7] COPY services/memory-worker/requirements.txt .
#8 CACHED

#9 [5/7] RUN pip install --no-cache-dir -r requirements.txt
#9 CACHED

#10 [6/7] COPY services/memory-worker/app ./app
#10 CACHED

#11 [7/7] RUN adduser -D -u 10001 appuser && chown -R appuser:appuser /app
#11 CACHED

#12 exporting to image
#12 exporting layers 0.0s done
#12 exporting manifest sha256:0004e6781f7d5a8d5b6e7dd8cb6092b8ff76ecf823f1f915889cf3aa5b4bd7e1 0.0s done
#12 exporting config sha256:799670fba953bcd9e1b4407c6f2a3da22db41f26f2662ec72908dc372ef6129f 0.0s done
#12 exporting attestation manifest sha256:13ec61de59b5138954ba0c7ba6bc20bb18e5b83c8e7ecf2f0b2dbe742229e48e 0.0s done
#12 exporting manifest list sha256:732823410f3a50642c951fc6b7065ea19c7038f1c63b24dcd1b2817d93dde881 0.0s done
#12 naming to docker.io/cloud-superbrain-production-candidate/memory-worker:f15ad6e336318860a9e3f89b04388d120a7bc9b4 done
#12 unpacking to docker.io/cloud-superbrain-production-candidate/memory-worker:f15ad6e336318860a9e3f89b04388d120a7bc9b4
#12 unpacking to docker.io/cloud-superbrain-production-candidate/memory-worker:f15ad6e336318860a9e3f89b04388d120a7bc9b4 0.0s done
#12 DONE 0.2s

View build details: docker-desktop://dashboard/build/desktop-linux/desktop-linux/ewc8p434oceg7xllq9iba75k8
