PHASE5_EVIDENCE_RAW_V2
[phase5-evidence] chain=security
[phase5-evidence] release_id=prod-candidate-2026-08-28-local-rc16
[phase5-evidence] source_commit_sha=0a706beae17e25525a312843c236720a1efdf99b
[phase5-evidence] evidence_run_id=70a348b5-e83f-403f-a601-8b204f822e85
[phase5-evidence] command=pwsh -NoProfile -ExecutionPolicy Bypass -File scripts/write-phase5-security-evidence.ps1 -ReleaseId prod-candidate-2026-08-28-local-rc16 -SourceSha 0a706beae17e25525a312843c236720a1efdf99b -EvidenceRunId 70a348b5-e83f-403f-a601-8b204f822e85
PHASE5_SECURITY_EVIDENCE_V2
[phase5-security] source_boundary=committed_git_archive_only
=== npm audit --audit-level=moderate (candidate apps/frontend) ===
found 0 vulnerabilities
NPM_AUDIT_EXIT=0
[phase5-security] npm_audit_verified=true
=== canonical gitleaks (candidate archive) ===
[phase5-security] gitleaks_config=.gitleaks.toml

    ○
    │╲
    │ ○
    ○ ░
    ░    gitleaks

1:49AM INF scanned ~39894841 bytes (39.89 MB) in 9.47s
1:49AM INF no leaks found
GITLEAKS_EXIT=0
[phase5-security] gitleaks_verified=true
PHASE5_SECURITY_EXIT=0
[phase5-evidence] exit_code=0
