#0 building with "desktop-linux" instance using docker driver

#1 [internal] load build definition from Dockerfile
#1 transferring dockerfile: 2.05kB 0.0s done
#1 DONE 0.1s

#2 [internal] load metadata for docker.io/library/node:24.16.0-alpine@sha256:21f403ab171f2dc89bad4dd69d7721bfd15f084ccb46cdd225f31f2bc59b5c9a
#2 ...

#3 [auth] library/node:pull token for registry-1.docker.io
#3 DONE 0.0s

#2 [internal] load metadata for docker.io/library/node:24.16.0-alpine@sha256:21f403ab171f2dc89bad4dd69d7721bfd15f084ccb46cdd225f31f2bc59b5c9a
#2 DONE 1.5s

#4 [internal] load .dockerignore
#4 transferring context: 96B 0.0s done
#4 DONE 0.6s

#5 [deps 1/4] FROM docker.io/library/node:24.16.0-alpine@sha256:21f403ab171f2dc89bad4dd69d7721bfd15f084ccb46cdd225f31f2bc59b5c9a
#5 resolve docker.io/library/node:24.16.0-alpine@sha256:21f403ab171f2dc89bad4dd69d7721bfd15f084ccb46cdd225f31f2bc59b5c9a 0.0s done
#5 DONE 0.1s

#6 [internal] load build context
#6 transferring context: 2.02MB 1.7s done
#6 DONE 1.7s

#7 [deps 4/4] RUN npm ci
#7 CACHED

#8 [runner 8/9] COPY --from=builder /app/next.config.mjs ./next.config.mjs
#8 CACHED

#9 [runner 7/9] COPY --from=builder /app/app ./app
#9 CACHED

#10 [runner 3/9] COPY --from=builder /app/package.json ./package.json
#10 CACHED

#11 [deps 3/4] COPY package.json package-lock.json ./
#11 CACHED

#12 [deps 2/4] WORKDIR /app
#12 CACHED

#13 [builder 4/6] COPY . .
#13 CACHED

#14 [runner 4/9] COPY --from=builder /app/node_modules ./node_modules
#14 CACHED

#15 [builder 3/6] COPY --from=deps /app/node_modules ./node_modules
#15 CACHED

#16 [builder 6/6] RUN npm prune --omit=dev
#16 CACHED

#17 [runner 5/9] COPY --from=builder /app/.next ./.next
#17 CACHED

#18 [runner 6/9] COPY --from=builder /app/public ./public
#18 CACHED

#19 [builder 5/6] RUN npm run build
#19 CACHED

#20 [runner 9/9] RUN apk upgrade --no-cache     && rm -rf /usr/local/lib/node_modules/npm /usr/local/bin/npm /usr/local/bin/npx     && addgroup -S appgroup     && adduser -S appuser -u 10001 -G appgroup     && chown -R appuser:appgroup /app
#20 CACHED

#21 exporting to image
#21 exporting layers 0.0s done
#21 exporting manifest sha256:988893d8357f51b72cf1935fd0e3e023125f40f21fe1b371b32627fc61f1e89c 0.1s done
#21 exporting config sha256:e075fce3962ea0a3ba85bb1b99e85633f440b7a5a63a9b7e55295bf737a32082
#21 exporting config sha256:e075fce3962ea0a3ba85bb1b99e85633f440b7a5a63a9b7e55295bf737a32082 0.0s done
#21 exporting attestation manifest sha256:5a0676a946647818b380ab79da703c9112e65b1060c2cac6ebdbf3f5087dd287 0.0s done
#21 exporting manifest list sha256:df9ea12be512cd5fa42da33a4188e2bff16d9e02316b996b9a1efd7efdf093f6 0.0s done
#21 naming to docker.io/cloud-superbrain-production-candidate/frontend:63c854867cb1082c209718b64fddcbb52e5dd99b
#21 naming to docker.io/cloud-superbrain-production-candidate/frontend:63c854867cb1082c209718b64fddcbb52e5dd99b done
#21 unpacking to docker.io/cloud-superbrain-production-candidate/frontend:63c854867cb1082c209718b64fddcbb52e5dd99b 0.0s done
#21 DONE 0.4s

View build details: docker-desktop://dashboard/build/desktop-linux/desktop-linux/40whkpqsx5uscsm1r4qrxcttg
