PHASE5_EVIDENCE_RAW_V2
[phase5-evidence] chain=security
[phase5-evidence] release_id=prod-candidate-2026-08-27-local-rc15
[phase5-evidence] source_commit_sha=2e945a6cfd7217ee71372ad3ddc9ad63f4840a2f
[phase5-evidence] evidence_run_id=7a38ab27-5122-4630-83b3-f2aee8acd707
[phase5-evidence] command=pwsh -NoProfile -ExecutionPolicy Bypass -File scripts/write-phase5-security-evidence.ps1 -ReleaseId prod-candidate-2026-08-27-local-rc15 -SourceSha 2e945a6cfd7217ee71372ad3ddc9ad63f4840a2f -EvidenceRunId 7a38ab27-5122-4630-83b3-f2aee8acd707
PHASE5_SECURITY_EVIDENCE_V2
[phase5-security] source_boundary=committed_git_archive_only
=== npm audit --audit-level=moderate (candidate apps/frontend) ===
found 0 vulnerabilities
NPM_AUDIT_EXIT=0
[phase5-security] npm_audit_verified=true
=== canonical gitleaks (candidate archive) ===
[phase5-security] gitleaks_config=.gitleaks.toml

    ○
    │╲
    │ ○
    ○ ░
    ░    gitleaks

7:23PM INF scanned ~39617551 bytes (39.62 MB) in 7.16s
7:23PM INF no leaks found
GITLEAKS_EXIT=0
[phase5-security] gitleaks_verified=true
PHASE5_SECURITY_EXIT=0
[phase5-evidence] exit_code=0
