PHASE5_EVIDENCE_RAW_V2
[phase5-evidence] chain=security
[phase5-evidence] release_id=prod-candidate-2026-09-02-local-rc31
[phase5-evidence] source_commit_sha=94cee68508196195454139a7c4a432b024f91869
[phase5-evidence] evidence_run_id=1d69dcc1-8383-4447-8158-912e98b9f8fe
[phase5-evidence] command=pwsh -NoProfile -ExecutionPolicy Bypass -File scripts/write-phase5-security-evidence.ps1 -ReleaseId prod-candidate-2026-09-02-local-rc31 -SourceSha 94cee68508196195454139a7c4a432b024f91869 -EvidenceRunId 1d69dcc1-8383-4447-8158-912e98b9f8fe
PHASE5_SECURITY_EVIDENCE_V2
[phase5-security] source_boundary=committed_git_archive_only
=== npm audit --audit-level=moderate (candidate apps/frontend) ===
found 0 vulnerabilities
NPM_AUDIT_EXIT=0
[phase5-security] npm_audit_verified=true
=== canonical gitleaks (candidate archive) ===
[phase5-security] gitleaks_config=.gitleaks.toml

    ○
    │╲
    │ ○
    ○ ░
    ░    gitleaks

2:51AM INF scanned ~50474553 bytes (50.47 MB) in 7.4s
2:51AM INF no leaks found
GITLEAKS_EXIT=0
[phase5-security] gitleaks_verified=true
PHASE5_SECURITY_EXIT=0
[phase5-evidence] exit_code=0
