PHASE5_EVIDENCE_RAW_V2
[phase5-evidence] chain=security
[phase5-evidence] release_id=prod-candidate-2026-09-16-local-rc68
[phase5-evidence] source_commit_sha=10bccfcfb5a62c6883c7162b8b2eed4f3da817ff
[phase5-evidence] evidence_run_id=56e01b23-bf9d-4eb6-aa8a-fcf6fec2b1d4
[phase5-evidence] command=pwsh -NoProfile -ExecutionPolicy Bypass -File scripts/write-phase5-security-evidence.ps1 -ReleaseId prod-candidate-2026-09-16-local-rc68 -SourceSha 10bccfcfb5a62c6883c7162b8b2eed4f3da817ff -EvidenceRunId 56e01b23-bf9d-4eb6-aa8a-fcf6fec2b1d4
PHASE5_SECURITY_EVIDENCE_V2
[phase5-security] source_boundary=committed_git_archive_only
=== npm audit --audit-level=moderate (candidate apps/frontend) ===
found 0 vulnerabilities
NPM_AUDIT_EXIT=0
[phase5-security] npm_audit_verified=true
=== canonical gitleaks (candidate archive) ===
[phase5-security] gitleaks_config=.gitleaks.toml

    ○
    │╲
    │ ○
    ○ ░
    ░    gitleaks

9:12AM INF scanned ~34775286 bytes (34.78 MB) in 43.9s
9:12AM INF no leaks found
GITLEAKS_EXIT=0
[phase5-security] gitleaks_verified=true
PHASE5_SECURITY_EXIT=0
[phase5-evidence] exit_code=0
