PHASE5_EVIDENCE_RAW_V2
[phase5-evidence] chain=security
[phase5-evidence] release_id=prod-candidate-2026-08-26-local-rc14
[phase5-evidence] source_commit_sha=d0674bfc1367b04d95ca2bf745e89fabf12046ad
[phase5-evidence] evidence_run_id=e45c7d78-be65-4433-a0fb-0a146703d605
[phase5-evidence] command=pwsh -NoProfile -ExecutionPolicy Bypass -File scripts/write-phase5-security-evidence.ps1 -ReleaseId prod-candidate-2026-08-26-local-rc14 -SourceSha d0674bfc1367b04d95ca2bf745e89fabf12046ad -EvidenceRunId e45c7d78-be65-4433-a0fb-0a146703d605
PHASE5_SECURITY_EVIDENCE_V2
[phase5-security] source_boundary=committed_git_archive_only
=== npm audit --audit-level=moderate (candidate apps/frontend) ===
found 0 vulnerabilities
NPM_AUDIT_EXIT=0
[phase5-security] npm_audit_verified=true
=== canonical gitleaks (candidate archive) ===
[phase5-security] gitleaks_config=.gitleaks.toml

    ○
    │╲
    │ ○
    ○ ░
    ░    gitleaks

7:40PM INF scanned ~39266020 bytes (39.27 MB) in 5.92s
7:40PM INF no leaks found
GITLEAKS_EXIT=0
[phase5-security] gitleaks_verified=true
PHASE5_SECURITY_EXIT=0
[phase5-evidence] exit_code=0
