PHASE5_EVIDENCE_RAW_V2
[phase5-evidence] chain=security
[phase5-evidence] release_id=prod-candidate-2026-08-28-local-rc20
[phase5-evidence] source_commit_sha=c29c738b82e4e35cc1288bc603319cba60d167d2
[phase5-evidence] evidence_run_id=5c0b1984-51e1-46df-8934-9fb4763e6878
[phase5-evidence] command=pwsh -NoProfile -ExecutionPolicy Bypass -File scripts/write-phase5-security-evidence.ps1 -ReleaseId prod-candidate-2026-08-28-local-rc20 -SourceSha c29c738b82e4e35cc1288bc603319cba60d167d2 -EvidenceRunId 5c0b1984-51e1-46df-8934-9fb4763e6878
PHASE5_SECURITY_EVIDENCE_V2
[phase5-security] source_boundary=committed_git_archive_only
=== npm audit --audit-level=moderate (candidate apps/frontend) ===
found 0 vulnerabilities
NPM_AUDIT_EXIT=0
[phase5-security] npm_audit_verified=true
=== canonical gitleaks (candidate archive) ===
[phase5-security] gitleaks_config=.gitleaks.toml

    ○
    │╲
    │ ○
    ○ ░
    ░    gitleaks

8:06PM INF scanned ~40844460 bytes (40.84 MB) in 5.18s
8:06PM INF no leaks found
GITLEAKS_EXIT=0
[phase5-security] gitleaks_verified=true
PHASE5_SECURITY_EXIT=0
[phase5-evidence] exit_code=0
