PHASE5_EVIDENCE_RAW_V2
[phase5-evidence] chain=security
[phase5-evidence] release_id=prod-candidate-2026-09-10-local-rc58
[phase5-evidence] source_commit_sha=c1e6678657b2565afe471e41b5e696d2c9eaa871
[phase5-evidence] evidence_run_id=ffbd22b9-84d8-4c2b-942d-7d2946034c93
[phase5-evidence] command=pwsh -NoProfile -ExecutionPolicy Bypass -File scripts/write-phase5-security-evidence.ps1 -ReleaseId prod-candidate-2026-09-10-local-rc58 -SourceSha c1e6678657b2565afe471e41b5e696d2c9eaa871 -EvidenceRunId ffbd22b9-84d8-4c2b-942d-7d2946034c93
PHASE5_SECURITY_EVIDENCE_V2
[phase5-security] source_boundary=committed_git_archive_only
=== npm audit --audit-level=moderate (candidate apps/frontend) ===
found 0 vulnerabilities
NPM_AUDIT_EXIT=0
[phase5-security] npm_audit_verified=true
=== canonical gitleaks (candidate archive) ===
[phase5-security] gitleaks_config=.gitleaks.toml

    ○
    │╲
    │ ○
    ○ ░
    ░    gitleaks

2:16AM INF scanned ~28257528 bytes (28.26 MB) in 10.8s
2:16AM INF no leaks found
GITLEAKS_EXIT=0
[phase5-security] gitleaks_verified=true
PHASE5_SECURITY_EXIT=0
[phase5-evidence] exit_code=0
