PHASE5_EVIDENCE_RAW_V2
[phase5-evidence] chain=candidate-runtime
[phase5-evidence] release_id=prod-candidate-2026-09-10-local-rc59
[phase5-evidence] source_commit_sha=005ddb46f572520ac182c4f08cc177f07dfe1ae8
[phase5-evidence] evidence_run_id=e9b503c0-489a-4ceb-bc53-516f46422c64
[phase5-evidence] command=pwsh -NoProfile -ExecutionPolicy Bypass -File scripts/verify-phase5-production-candidate-local.ps1 -BaseUrl http://localhost:8081 -ArtifactDir docs\release-artifacts\prod-candidate-2026-09-10-local-rc59-evidence -AllowLocalhost -EvidenceRunId e9b503c0-489a-4ceb-bc53-516f46422c64

> cloud-superbrain-frontend@1.0.0 test:e2e
> playwright test --project=chromium e2e/phase5-production-candidate.spec.ts

(node:7680) [DEP0205] DeprecationWarning: `module.register()` is deprecated. Use `module.registerHooks()` instead.
(Use `node --trace-deprecation ...` to show where the warning was created)

Running 1 test using 1 worker

(node:8428) Warning: The 'NO_COLOR' env is ignored due to the 'FORCE_COLOR' env being set.
(Use `node --trace-warnings ...` to show where the warning was created)
(node:8428) [DEP0205] DeprecationWarning: `module.register()` is deprecated. Use `module.registerHooks()` instead.
(node:8428) Warning: The 'NO_COLOR' env is ignored due to the 'FORCE_COLOR' env being set.
(Use `node --trace-warnings ...` to show where the warning was created)
  ok 1 [chromium] › e2e\phase5-production-candidate.spec.ts:8:1 › diagnostics loads the Phase 5 production candidate through a real selection and click (4.4s)

  1 passed (8.1s)
npm notice
npm notice New major version of npm available! 11.16.0 -> 12.0.2
npm notice Changelog: https://github.com/npm/cli/releases/tag/v12.0.2
npm notice To update run: npm install -g npm@12.0.2
npm notice
[phase5-candidate-local] api_contract_verified=true
[phase5-candidate-local] local_image_identity_verified=true
[phase5-candidate-local] embedded_source_hash_parity_verified=true
[phase5-candidate-local] candidate_runtime_source_parity_verified=true
[phase5-candidate-local] browser_click_verified=true
[phase5-candidate-local] playwright_passed=1
[phase5-candidate-local] status=verified service_count=6
[phase5-evidence] exit_code=0
